
[1m[46m RUN [49m[22m [36mv4.0.18 [39m[90mC:/Users/ThantSin/projects/botfolio[39m

 [31mΓ¥»[39m src/components/visitor/setup-checklist.test.tsx [2m([22m[2m3 tests[22m[2m | [22m[31m2 failed[39m[2m)[22m[33m 314[2mms[22m[39m
[31m     [31m├ù[31m renders 0% progress and prompts for account creation when no profile is provided[39m[32m 297[2mms[22m[39m
[31m     [31m├ù[31m renders 50% progress and prompts for profile setup when profile exists but has no name[39m[32m 10[2mms[22m[39m
     [32mΓ£ô[39m renders 100% progress when profile has a name[32m 6[2mms[22m[39m
node.exe : 
At C:\Program Files\nodejs\npx.ps1:29 char:3
+   & $NODE_EXE $NPX_CLI_JS $args
+   ~~~~~~~~~~~~~~~~~~~~~~~~~~~~~
    + CategoryInfo          : NotSpecified: (:String) [], RemoteException
    + FullyQualifiedErrorId : NativeCommandError
 
[31mΓÄ»ΓÄ»ΓÄ»ΓÄ»ΓÄ»ΓÄ»ΓÄ»[39m[1m[41m Failed Tests 2 [49m[22m[31mΓÄ»ΓÄ»ΓÄ»ΓÄ»ΓÄ»ΓÄ»ΓÄ»[39m

[41m[1m FAIL [22m[49m src/components/visitor/setup-checklist.test.tsx[2m > 
[22mSetupChecklist[2m > [22mrenders 0% progress and prompts for account creation when no profile is 
provided
[31m[1mTestingLibraryElementError[22m[39m: Unable to find an accessible element with the role 
"link" and name `/create.*account/i`

Here are the accessible roles:

  link:

  Name "Sign Up / Login":
  [36m<a[39m
    [33mclass[39m=[32m"inline-flex items-center justify-center whitespace-nowrap text-sm 
font-medium transition-all disabled:pointer-events-none disabled:opacity-50 
[&_svg]:pointer-events-none [&_svg:not([class*='size-'])]:size-4 shrink-0 [&_svg]:shrink-0 
outline-none focus-visible:border-ring focus-visible:ring-ring/50 focus-visible:ring-[3px] 
aria-invalid:ring-destructive/20 dark:aria-invalid:ring-destructive/40 aria-invalid:border-destructive 
border bg-background shadow-xs hover:bg-accent hover:text-accent-foreground dark:bg-input/30 
dark:border-input dark:hover:bg-input/50 h-8 rounded-md px-3 has-[>svg]:px-2.5 gap-1"[39m
    [33mdata-size[39m=[32m"sm"[39m
    [33mdata-slot[39m=[32m"button"[39m
    [33mdata-variant[39m=[32m"outline"[39m
    [33mhref[39m=[32m"/login"[39m
  [36m/>[39m

  Name "Setup Profile":
  [36m<a[39m
    [33mclass[39m=[32m"inline-flex items-center justify-center whitespace-nowrap text-sm 
font-medium transition-all disabled:pointer-events-none disabled:opacity-50 
[&_svg]:pointer-events-none [&_svg:not([class*='size-'])]:size-4 shrink-0 [&_svg]:shrink-0 
outline-none focus-visible:border-ring focus-visible:ring-ring/50 focus-visible:ring-[3px] 
aria-invalid:ring-destructive/20 dark:aria-invalid:ring-destructive/40 aria-invalid:border-destructive 
border bg-background shadow-xs hover:bg-accent hover:text-accent-foreground dark:bg-input/30 
dark:border-input dark:hover:bg-input/50 h-8 rounded-md px-3 has-[>svg]:px-2.5 gap-1"[39m
    [33mdata-size[39m=[32m"sm"[39m
    [33mdata-slot[39m=[32m"button"[39m
    [33mdata-variant[39m=[32m"outline"[39m
    [33mhref[39m=[32m"/settings/profile"[39m
  [36m/>[39m

  --------------------------------------------------

Ignored nodes: comments, script, style
[36m<body>[39m
  [36m<div>[39m
    [36m<div[39m
      [33mclass[39m=[32m"text-card-foreground flex flex-col gap-6 rounded-xl border py-6 shadow-sm 
border-primary/20 bg-primary/5 max-w-lg mx-auto mt-8"[39m
      [33mdata-slot[39m=[32m"card"[39m
    [36m>[39m
      [36m<div[39m
        [33mclass[39m=[32m"@container/card-header grid auto-rows-min grid-rows-[auto_auto] 
items-start gap-2 px-6 has-data-[slot=card-action]:grid-cols-[1fr_auto] [.border-b]:pb-6 pb-3"[39m
        [33mdata-slot[39m=[32m"card-header"[39m
      [36m>[39m
        [36m<div[39m
          [33mclass[39m=[32m"flex items-center justify-between"[39m
        [36m>[39m
          [36m<div>[39m
            [36m<div[39m
              [33mclass[39m=[32m"leading-none font-semibold"[39m
              [33mdata-slot[39m=[32m"card-title"[39m
            [36m>[39m
              [0mGetting Started[0m
            [36m</div>[39m
            [36m<div[39m
              [33mclass[39m=[32m"text-muted-foreground text-sm"[39m
              [33mdata-slot[39m=[32m"card-description"[39m
            [36m>[39m
              [0mComplete these steps to launch your AI assistant.[0m
            [36m</div>[39m
          [36m</div>[39m
          [36m<div[39m
            [33mclass[39m=[32m"text-sm font-medium text-primary"[39m
          [36m>[39m
            [0m0[0m
            [0m% Complete[0m
          [36m</div>[39m
        [36m</div>[39m
        [36m<div[39m
          [33mclass[39m=[32m"mt-2 h-2 w-full rounded-full bg-primary/10"[39m
        [36m>[39m
          [36m<div[39m
            [33mclass[39m=[32m"h-full rounded-full bg-primary transition-all duration-500"[39m
            [33mstyle[39m=[32m"width: 0%;"[39m
          [36m/>[39m
        [36m</div>[39m
      [36m</div>[39m
      [36m<div[39m
        [33mclass[39m=[32m"px-6 grid gap-4"[39m
        [33mdata-slot[39m=[32m"card-content"[39m
      [36m>[39m
        [36m<div[39m
          [33mclass[39m=[32m"flex items-center justify-between rounded-lg border p-3 
transition-colors bg-background border-muted"[39m
        [36m>[39m
          [36m<div[39m
            [33mclass[39m=[32m"flex items-center gap-3"[39m
          [36m>[39m
            [36m<svg[39m
              [33maria-hidden[39m=[32m"true"[39m
              [33mclass[39m=[32m"lucide lucide-circle h-5 w-5 text-muted-foreground"[39m
              [33mfill[39m=[32m"none"[39m
              [33mheight[39m=[32m"24"[39m
              [33mstroke[39m=[32m"currentColor"[39m
              [33mstroke-linecap[39m=[32m"round"[39m
              [33mstroke-linejoin[39m=[32m"round"[39m
              [33mstroke-width[39m=[32m"2"[39m
              [33mviewBox[39m=[32m"0 0 24 24"[39m
              [33mwidth[39m=[32m"24"[39m
              [33mxmlns[39m=[32m"http://www.w3.org/2000/svg"[39m
            [36m>[39m
              [36m<circle[39m
                [33mcx[39m=[32m"12"[39m
                [33mcy[39m=[32m"12"[39m
                [33mr[39m=[32m"10"[39m
              [36m/>[39m
            [36m</svg>[39m
            [36m<div>[39m
              [36m<div[39m
                [33mclass[39m=[32m"font-medium "[39m
              [36m>[39m
                [0mCreate User Account[0m
              [36m</div>[39m
              [36m<div[39m
                [33mclass[39m=[32m"text-xs text-muted-foreground"[39m
              [36m>[39m
                [0mSign up to create your own BotFolio instance.[0m
              [36m</div>[39m
            [36m</div>[39m
          [36m</div>[39m
          [36m<a[39m
            [33mclass[39m=[32m"inline-flex items-center justify-center whitespace-nowrap text-sm 
font-medium transition-all disabled:pointer-events-none disabled:opacity-50 
[&_svg]:pointer-events-none [&_svg:not([class*='size-'])]:size-4 shrink-0 [&_svg]:shrink-0 
outline-none focus-visible:border-ring focus-visible:ring-ring/50 focus-visible:ring-[3px] 
aria-invalid:ring-destructive/20 dark:aria-invalid:ring-destructive/40 aria-invalid:border-destructive 
border bg-background shadow-xs hover:bg-accent hover:text-accent-foreground dark:bg-input/30 
dark:border-input dark:hover:bg-input/50 h-8 rounded-md px-3 has-[>svg]:px-2.5 gap-1"[39m
            [33mdata-size[39m=[32m"sm"[39m
            [33mdata-slot[39m=[32m"button"[39m
            [33mdata-variant[39m=[32m"outline"[39m
            [33mhref[39m=[32m"/login"[39m
          [36m>[39m
            [0mSign Up / Login[0m
            [0m [0m
            [36m<svg[39m
              [33maria-hidden[39m=[32m"true"[39m
              [33mclass[39m=[32m"lucide lucide-arrow-right h-3 w-3"[39m
              [33mfill[39m=[32m"none"[39m
              [33mheight[39m=[32m"24"[39m
              [33mstroke[39m=[32m"currentColor"[39m
              [33mstroke-linecap[39m=[32m"round"[39m
              [33mstroke-linejoin[39m=[32m"round"[39m
              [33mstroke-width[39m=[32m"2"[39m
              [33mviewBox[39m=[32m"0 0 24 24"[39m
              [33mwidth[39m=[32m"24"[39m
              [33mxmlns[39m=[32m"http://www.w3.org/2000/svg"[39m
            [36m>[39m
              [36m<path[39m
                [33md[39m=[32m"M5 12h14"[39m
              [36m/>[39m
              [36m<path[39m
                [33md[39m=[32m"m12 5 7 7-7 7"[39m
              [36m/>[39m
            [36m</svg>[39m
          [36m</a>[39m
        [36m</div>[39m
        [36m<div[39m
          [33mclass[39m=[32m"flex items-center justify-between rounded-lg border p-3 
transition-colors bg-background border-muted"[39m
        [36m>[39m
          [36m<div[39m
            [33mclass[39m=[32m"flex items-center gap-3"[39m
          [36m>[39m
            [36m<svg[39m
              [33maria-hidden[39m=[32m"true"[39m
              [33mclass[39m=[32m"lucide lucide-circle h-5 w-5 text-muted-foreground"[39m
              [33mfill[39m=[32m"none"[39m
              [33mheight[39m=[32m"24"[39m
              [33mstroke[39m=[32m"currentColor"[39m
              [33mstroke-linecap[39m=[32m"round"[39m
              [33mstroke-linejoin[39m=[32m"round"[39m
              [33mstroke-width[39m=[32m"2"[39m
              [33mviewBox[39m=[32m"0 0 24 24"[39m
              [33mwidth[39m=[32m"24"[39m
              [33mxmlns[39m=[32m"http://www.w3.org/2000/svg"[39m
            [36m>[39m
              [36m<circle[39m
                [33mcx[39m=[32m"12"[39m
                [33mcy[39m=[32m"12"[39m
                [33mr[39m=[32m"10"[39m
              [36m/>[39m
            [36m</svg>[39m
            [36m<div>[39m
              [36m<div[39m
                [33mclass[39m=[32m"font-medium "[39m
              [36m>[39m
                [0mSetup Profile[0m
              [36m</div>[39m
              [36m<div[39m
                [33mclass[39m=[32m"text-xs text-muted-foreground"[39m
              [36m>[39m
                [0mAdd your name, profession, and bio details.[0m
              [36m</div>[39m
            [36m</div>[39m
          [36m</div>[39m
          [36m<a[39m
            [33mclass[39m=[32m"inline-flex items-center justify-center whitespace-nowrap text-sm 
font-medium transition-all disabled:pointer-events-none disabled:opacity-50 
[&_svg]:pointer-events-none [&_svg:not([class*='size-'])]:size-4 shrink-0 [&_svg]:shrink-0 
outline-none focus-visible:border-ring focus-visible:ring-ring/50 focus-visible:ring-[3px] 
aria-invalid:ring-destructive/20 dark:aria-invalid:ring-destructive/40 aria-invalid:border-destructive 
border bg-background shadow-xs hover:bg-accent hover:text-accent-foreground dark:bg-input/30 
dark:border-input dark:hover:bg-input/50 h-8 rounded-md px-3 has-[>svg]:px-2.5 gap-1"[39m
            [33mdata-size[39m=[32m"sm"[39m
            [33mdata-slot[39m=[32m"button"[39m
            [33mdata-variant[39m=[32m"outline"[39m
            [33mhref[39m=[32m"/settings/profile"[39m
          [36m>[39m
            [0mSetup Profile[0m
            [0m [0m
            [36m<svg[39m
              [33maria-hidden[39m=[32m"true"[39m
              [33mclass[39m=[32m"lucide lucide-arrow-right h-3 w-3"[39m
              [33mfill[39m=[32m"none"[39m
              [33mheight[39m=[32m"24"[39m
              [33mstroke[39m=[32m"currentColor"[39m
              [33mstroke-linecap[39m=[32m"round"[39m
              [33mstroke-linejoin[39m=[32m"round"[39m
              [33mstroke-width[39m=[32m"2"[39m
              [33mviewBox[39m=[32m"0 0 24 24"[39m
              [33mwidth[39m=[32m"24"[39m
              [33mxmlns[39m=[32m"http://www.w3.org/2000/svg"[39m
            [36m>[39m
              [36m<path[39m
                [33md[39m=[32m"M5 12h14"[39m
              [36m/>[39m
              [36m<path[39m
                [33md[39m=[32m"m12 5 7 7-7 7"[39m
              [36m/>[39m
            [36m</svg>[39m
          [36m</a>[39m
        [36m</div>[39m
      [36m</div>[39m
    [36m</div>[39m
  [36m</div>[39m
[36m</body>[39m
[90m [2mΓ¥»[22m Object.getElementError 
node_modules/@testing-library/dom/dist/config.js:[2m37:19[22m[39m
[90m [2mΓ¥»[22m node_modules/@testing-library/dom/dist/query-helpers.js:[2m76:38[22m[39m
[90m [2mΓ¥»[22m node_modules/@testing-library/dom/dist/query-helpers.js:[2m52:17[22m[39m
[90m [2mΓ¥»[22m node_modules/@testing-library/dom/dist/query-helpers.js:[2m95:19[22m[39m
[36m [2mΓ¥»[22m src/components/visitor/setup-checklist.test.tsx:[2m15:30[22m[39m
    [90m 13| [39m    [34mexpect[39m(screen[33m.[39m[34mgetByText[39m([32m"Create User 
Account"[39m))[33m.[39m[34mtoBeDefined[39m()[33m;[39m
    [90m 14| [39m    [90m// Check for the link to login[39m
    [90m 15| [39m    const loginLink = screen.getByRole("link", { name: /create.*accounΓÇª
    [90m   | [39m                             [31m^[39m
    [90m 16| [39m    [34mexpect[39m(loginLink[33m.[39m[34mgetAttribute[39m([32m"href"[39m))[
33m.[39m[34mtoBe[39m([32m"/login"[39m)[33m;[39m
    [90m 17| [39m  })[33m;[39m

[31m[2mΓÄ»ΓÄ»ΓÄ»ΓÄ»ΓÄ»ΓÄ»ΓÄ»ΓÄ»ΓÄ»ΓÄ»ΓÄ»ΓÄ»ΓÄ»ΓÄ»ΓÄ»ΓÄ»ΓÄ»ΓÄ»ΓÄ»ΓÄ»ΓÄ»ΓÄ»ΓÄ»ΓÄ»[1/2]ΓÄ»[22m[39m

[41m[1m FAIL [22m[49m src/components/visitor/setup-checklist.test.tsx[2m > 
[22mSetupChecklist[2m > [22mrenders 50% progress and prompts for profile setup when profile exists 
but has no name
[31m[1mTestingLibraryElementError[22m[39m: Found multiple elements with the text: Setup Profile

Here are the matching elements:

Ignored nodes: comments, script, style
[36m<div[39m
  [33mclass[39m=[32m"font-medium "[39m
[36m>[39m
  [0mSetup Profile[0m
[36m</div>[39m

Ignored nodes: comments, script, style
[36m<a[39m
  [33mclass[39m=[32m"inline-flex items-center justify-center whitespace-nowrap text-sm font-medium 
transition-all disabled:pointer-events-none disabled:opacity-50 [&_svg]:pointer-events-none 
[&_svg:not([class*='size-'])]:size-4 shrink-0 [&_svg]:shrink-0 outline-none focus-visible:border-ring 
focus-visible:ring-ring/50 focus-visible:ring-[3px] aria-invalid:ring-destructive/20 
dark:aria-invalid:ring-destructive/40 aria-invalid:border-destructive border bg-background shadow-xs 
hover:bg-accent hover:text-accent-foreground dark:bg-input/30 dark:border-input dark:hover:bg-input/50 
h-8 rounded-md px-3 has-[>svg]:px-2.5 gap-1"[39m
  [33mdata-size[39m=[32m"sm"[39m
  [33mdata-slot[39m=[32m"button"[39m
  [33mdata-variant[39m=[32m"outline"[39m
  [33mhref[39m=[32m"/settings/profile"[39m
[36m>[39m
  [0mSetup Profile[0m
  [0m [0m
  [36m<svg[39m
    [33maria-hidden[39m=[32m"true"[39m
    [33mclass[39m=[32m"lucide lucide-arrow-right h-3 w-3"[39m
    [33mfill[39m=[32m"none"[39m
    [33mheight[39m=[32m"24"[39m
    [33mstroke[39m=[32m"currentColor"[39m
    [33mstroke-linecap[39m=[32m"round"[39m
    [33mstroke-linejoin[39m=[32m"round"[39m
    [33mstroke-width[39m=[32m"2"[39m
    [33mviewBox[39m=[32m"0 0 24 24"[39m
    [33mwidth[39m=[32m"24"[39m
    [33mxmlns[39m=[32m"http://www.w3.org/2000/svg"[39m
  [36m>[39m
    [36m<path[39m
      [33md[39m=[32m"M5 12h14"[39m
    [36m/>[39m
    [36m<path[39m
      [33md[39m=[32m"m12 5 7 7-7 7"[39m
    [36m/>[39m
  [36m</svg>[39m
[36m</a>[39m

(If this is intentional, then use the `*AllBy*` variant of the query (like `queryAllByText`, 
`getAllByText`, or `findAllByText`)).

Ignored nodes: comments, script, style
[36m<body>[39m
  [36m<div>[39m
    [36m<div[39m
      [33mclass[39m=[32m"text-card-foreground flex flex-col gap-6 rounded-xl border py-6 shadow-sm 
border-primary/20 bg-primary/5 max-w-lg mx-auto mt-8"[39m
      [33mdata-slot[39m=[32m"card"[39m
    [36m>[39m
      [36m<div[39m
        [33mclass[39m=[32m"@container/card-header grid auto-rows-min grid-rows-[auto_auto] 
items-start gap-2 px-6 has-data-[slot=card-action]:grid-cols-[1fr_auto] [.border-b]:pb-6 pb-3"[39m
        [33mdata-slot[39m=[32m"card-header"[39m
      [36m>[39m
        [36m<div[39m
          [33mclass[39m=[32m"flex items-center justify-between"[39m
        [36m>[39m
          [36m<div>[39m
            [36m<div[39m
              [33mclass[39m=[32m"leading-none font-semibold"[39m
              [33mdata-slot[39m=[32m"card-title"[39m
            [36m>[39m
              [0mGetting Started[0m
            [36m</div>[39m
            [36m<div[39m
              [33mclass[39m=[32m"text-muted-foreground text-sm"[39m
              [33mdata-slot[39m=[32m"card-description"[39m
            [36m>[39m
              [0mComplete these steps to launch your AI assistant.[0m
            [36m</div>[39m
          [36m</div>[39m
          [36m<div[39m
            [33mclass[39m=[32m"text-sm font-medium text-primary"[39m
          [36m>[39m
            [0m50[0m
            [0m% Complete[0m
          [36m</div>[39m
        [36m</div>[39m
        [36m<div[39m
          [33mclass[39m=[32m"mt-2 h-2 w-full rounded-full bg-primary/10"[39m
        [36m>[39m
          [36m<div[39m
            [33mclass[39m=[32m"h-full rounded-full bg-primary transition-all duration-500"[39m
            [33mstyle[39m=[32m"width: 50%;"[39m
          [36m/>[39m
        [36m</div>[39m
      [36m</div>[39m
      [36m<div[39m
        [33mclass[39m=[32m"px-6 grid gap-4"[39m
        [33mdata-slot[39m=[32m"card-content"[39m
      [36m>[39m
        [36m<div[39m
          [33mclass[39m=[32m"flex items-center justify-between rounded-lg border p-3 
transition-colors bg-background/50 border-primary/20"[39m
        [36m>[39m
          [36m<div[39m
            [33mclass[39m=[32m"flex items-center gap-3"[39m
          [36m>[39m
            [36m<svg[39m
              [33maria-hidden[39m=[32m"true"[39m
              [33mclass[39m=[32m"lucide lucide-circle-check h-5 w-5 text-primary"[39m
              [33mfill[39m=[32m"none"[39m
              [33mheight[39m=[32m"24"[39m
              [33mstroke[39m=[32m"currentColor"[39m
              [33mstroke-linecap[39m=[32m"round"[39m

[2m Test Files [22m [1m[31m1 failed[39m[22m[90m (1)[39m
[2m      Tests [22m [1m[31m2 failed[39m[22m[2m | [22m[1m[32m1 passed[39m[22m[90m (3)[39m
[2m   Start at [22m 23:07:38
[2m   Duration [22m 2.38s[2m (transform 112ms, setup 142ms, import 756ms, tests 314ms, environment 972ms)[22m

              [33mstroke-linejoin[39m=[32m"round"[39m
              [33mstroke-width[39m=[32m"2"[39m
              [33mviewBox[39m=[32m"0 0 24 24"[39m
              [33mwidth[39m=[32m"24"[39m
              [33mxmlns[39m=[32m"http://www.w3.org/2000/svg"[39m
            [36m>[39m
              [36m<circle[39m
                [33mcx[39m=[32m"12"[39m
                [33mcy[39m=[32m"12"[39m
                [33mr[39m=[32m"10"[39m
              [36m/>[39m
              [36m<path[39m
                [33md[39m=[32m"m9 12 2 2 4-4"[39m
              [36m/>[39m
            [36m</svg>[39m
            [36m<div>[39m
              [36m<div[39m
                [33mclass[39m=[32m"font-medium text-muted-foreground line-through"[39m
              [36m>[39m
                [0mCreate User Account[0m
              [36m</div>[39m
              [36m<div[39m
                [33mclass[39m=[32m"text-xs text-muted-foreground"[39m
              [36m>[39m
                [0mSign up to create your own BotFolio instance.[0m
              [36m</div>[39m
            [36m</div>[39m
          [36m</div>[39m
        [36m</div>[39m
        [36m<div[39m
          [33mclass[39m=[32m"flex items-center justify-between rounded-lg border p-3 
transition-colors bg-background border-muted"[39m
        [36m>[39m
          [36m<div[39m
            [33mclass[39m=[32m"flex items-center gap-3"[39m
          [36m>[39m
            [36m<svg[39m
              [33maria-hidden[39m=[32m"true"[39m
              [33mclass[39m=[32m"lucide lucide-circle h-5 w-5 text-muted-foreground"[39m
              [33mfill[39m=[32m"none"[39m
              [33mheight[39m=[32m"24"[39m
              [33mstroke[39m=[32m"currentColor"[39m
              [33mstroke-linecap[39m=[32m"round"[39m
              [33mstroke-linejoin[39m=[32m"round"[39m
              [33mstroke-width[39m=[32m"2"[39m
              [33mviewBox[39m=[32m"0 0 24 24"[39m
              [33mwidth[39m=[32m"24"[39m
              [33mxmlns[39m=[32m"http://www.w3.org/2000/svg"[39m
            [36m>[39m
              [36m<circle[39m
                [33mcx[39m=[32m"12"[39m
                [33mcy[39m=[32m"12"[39m
                [33mr[39m=[32m"10"[39m
              [36m/>[39m
            [36m</svg>[39m
            [36m<div>[39m
              [36m<div[39m
                [33mclass[39m=[32m"font-medium "[39m
              [36m>[39m
                [0mSetup Profile[0m
              [36m</div>[39m
              [36m<div[39m
                [33mclass[39m=[32m"text-xs text-muted-foreground"[39m
              [36m>[39m
                [0mAdd your name, profession, and bio details.[0m
              [36m</div>[39m
            [36m</div>[39m
          [36m</div>[39m
          [36m<a[39m
            [33mclass[39m=[32m"inline-flex items-center justify-center whitespace-nowrap text-sm 
font-medium transition-all disabled:pointer-events-none disabled:opacity-50 
[&_svg]:pointer-events-none [&_svg:not([class*='size-'])]:size-4 shrink-0 [&_svg]:shrink-0 
outline-none focus-visible:border-ring focus-visible:ring-ring/50 focus-visible:ring-[3px] 
aria-invalid:ring-destructive/20 dark:aria-invalid:ring-destructive/40 aria-invalid:border-destructive 
border bg-background shadow-xs hover:bg-accent hover:text-accent-foreground dark:bg-input/30 
dark:border-input dark:hover:bg-input/50 h-8 rounded-md px-3 has-[>svg]:px-2.5 gap-1"[39m
            [33mdata-size[39m=[32m"sm"[39m
            [33mdata-slot[39m=[32m"button"[39m
            [33mdata-variant[39m=[32m"outline"[39m
            [33mhref[39m=[32m"/settings/profile"[39m
          [36m>[39m
            [0mSetup Profile[0m
            [0m [0m
            [36m<svg[39m
              [33maria-hidden[39m=[32m"true"[39m
              [33mclass[39m=[32m"lucide lucide-arrow-right h-3 w-3"[39m
              [33mfill[39m=[32m"none"[39m
              [33mheight[39m=[32m"24"[39m
              [33mstroke[39m=[32m"currentColor"[39m
              [33mstroke-linecap[39m=[32m"round"[39m
              [33mstroke-linejoin[39m=[32m"round"[39m
              [33mstroke-width[39m=[32m"2"[39m
              [33mviewBox[39m=[32m"0 0 24 24"[39m
              [33mwidth[39m=[32m"24"[39m
              [33mxmlns[39m=[32m"http://www.w3.org/2000/svg"[39m
            [36m>[39m
              [36m<path[39m
                [33md[39m=[32m"M5 12h14"[39m
              [36m/>[39m
              [36m<path[39m
                [33md[39m=[32m"m12 5 7 7-7 7"[39m
              [36m/>[39m
            [36m</svg>[39m
          [36m</a>[39m
        [36m</div>[39m
      [36m</div>[39m
    [36m</div>[39m
  [36m</div>[39m
[36m</body>[39m
[90m [2mΓ¥»[22m Object.getElementError 
node_modules/@testing-library/dom/dist/config.js:[2m37:19[22m[39m
[90m [2mΓ¥»[22m getElementError 
node_modules/@testing-library/dom/dist/query-helpers.js:[2m20:35[22m[39m
[90m [2mΓ¥»[22m getMultipleElementsFoundError 
node_modules/@testing-library/dom/dist/query-helpers.js:[2m23:10[22m[39m
[90m [2mΓ¥»[22m node_modules/@testing-library/dom/dist/query-helpers.js:[2m55:13[22m[39m
[90m [2mΓ¥»[22m node_modules/@testing-library/dom/dist/query-helpers.js:[2m95:19[22m[39m
[36m [2mΓ¥»[22m src/components/visitor/setup-checklist.test.tsx:[2m33:19[22m[39m
    [90m 31| [39m    // Step 1 should be complete (we can check for visual indicators oΓÇª
    [90m 32| [39m    [90m// For now, let's just ensure Step 2 is the active one[39m
    [90m 33| [39m    [34mexpect[39m(screen[33m.[39m[34mgetByText[39m([32m"Setup 
Profile"[39m))[33m.[39m[34mtoBeDefined[39m()[33m;[39m
    [90m   | [39m                  [31m^[39m
    [90m 34| [39m    const settingsLink = screen.getByRole("link", { name: /setup.*profΓÇª
    [90m 35| [39m    expect(settingsLink.getAttribute("href")).toBe("/settings/profile"ΓÇª

[31m[2mΓÄ»ΓÄ»ΓÄ»ΓÄ»ΓÄ»ΓÄ»ΓÄ»ΓÄ»ΓÄ»ΓÄ»ΓÄ»ΓÄ»ΓÄ»ΓÄ»ΓÄ»ΓÄ»ΓÄ»ΓÄ»ΓÄ»ΓÄ»ΓÄ»ΓÄ»ΓÄ»ΓÄ»[2/2]ΓÄ»[22m[39m

